// Jest Snapshot v1, https://goo.gl/fbAQLP

exports[`VoipRoom render correctly 1`] = `
<voip-room
  devicePosition="front"
  mode="camera"
  objectFit="fill"
  openId="openId"
/>
`;
